192.43.244.18
augean.eleceng.adelaide.edu.au
bernina.ethz.ch
biofiz.mf.uni-lj.si
bitsy.mit.edu
black-ice.cc.vt.edu
canon.inria.fr
chime1.surfnet.nl
clock.llnl.gov
time-A.timefreq.bldrdoc.gov
time.nist.gov
tock.usno.navy.mil

***  some from this, but not all !!!  ***

apple.com
ashe.cs.tcd.ie
chronos.univ-rennes1.fr
churchy.udel.edu
clepsydra.dec.com
clock.isc.org
clock.nc.fukuoka-u.ac.jp
clock.osf.org
clock.psu.edu
clock.tl.fukuoka-u.ac.jp
clock-1.cs.cmu.edu
clock1.unc.edu
clock-2.cs.cmu.edu
cuckoo.nevada.edu
cyclonic.sw.stratus.com
delphi.cs.ucla.edu
eagle.tamu.edu
esavax.esa.lanl.gov
fartein.ifi.uio.no
fuzz.psc.edu
fuzz.sura.net
gazette.bcm.tmc.edu
gilbreth.ecn.purdue.edu
harbor.ecn.purdue.edu
heechee.esa.lanl.gov
itr1.itr.qc.ca
jane.jpl.nasa.gov
kuhub.cc.ukans.edu
lane.cc.ukans.edu
lectroid.sw.stratus.com
lerc-dns.lerc.nasa.gov
lib1.tcd.ie
libra.rice.edu
louie.udel.edu
mizbeaver.udel.edu
molecule.ecn.purdue.edu
ncar.ucar.edu
ncnoc.concert.net
nic.near.net
noc.near.net
norad.arc.nasa.gov
ns.unet.umn.edu
nss.unet.umn.edu
ntp.adelaide.edu.au
ntp.cox.smu.edu
ntp.css.gov
ntp.ctr.columbia.edu
ntp.ml.csiro.au
ntp.olivetti.com
ntp.syd.dms.csiro.au
ntp.ucsd.edu
ntp.univ-lyon1.fr
ntp0.cornell.edu
ntp-0.cso.uiuc.edu
ntp0.ja.net
ntp0.nl.net
ntp0.pipex.net
ntp0.strath.ac.uk
ntp-1.cso.uiuc.edu
ntp-1.ece.cmu.edu
ntp-1.mcs.anl.gov
ntp1.ossi.com
ntp1.pipex.net
ntp1.sony.com
ntp1.strath.ac.uk
ntp1.sura.net
ntp-2.cso.uiuc.edu
ntp-2.ece.cmu.edu
ntp-2.mcs.anl.gov
ntp2.ossi.com
ntp2.pipex.net
ntp2.strath.ac.uk
ntp2.sura.net
ntp3.strath.ac.uk
ntp4.strath.ac.uk
ntps1-0.cs.tu-berlin.de
ntps1-0.uni-erlangen.de
ntps1-1.cs.tu-berlin.de
ntps1-1.uni-erlangen.de
ntps1-2.uni-erlangen.de
otc1.psu.edu
pi.bellcore.com
rackety.udel.edu
rolex.peachnet.edu
salmon.maths.tcd.ie
sundial.columbia.edu
sunic.sunet.se
supr.scm.liv.ac.uk
swisstime.ethz.ch
tick.cs.unlv.edu
tick.usask.ca
tick.usno.navy.mil
ticktock.wang.com
time.nist.gov
time.service.uit.no
Time1.Stupi.SE
time-A.timefreq.bldrdoc.gov
timelord.cs.uregina.ca
timeserver.cs.umb.edu
timex.cs.columbia.edu
timex.peachnet.edu
tmc.edu
tock.cs.unlv.edu
tock.usask.ca
tock.usno.navy.mil
truechimer.cso.uiuc.edu
tycho.usno.navy.mil
umd1.umd.edu
vtserf.cc.vt.edu
wave.mbari.org
wuarchive.wustl.edu
wwvb.col.hp.com
wwvb.erg.sri.com
wwvb.isi.edu
wwvb.sdd.hp.com
yoyo.aarnet.edu.au
zeus.tamu.edu
