+,7,Echo,,,
+,11,Active Users,,,
+,19,Character Generator,,,
+,21,File Transfer Protocol [Control],C:\Program Files\GlobalSCAPE\CuteFTP\cutftp32.exe,ftp://%a:%p/,
+,22,SSH Remote Login Protocol,,,
+,23,Telnet,telnet.exe,%a %p,
+,25,Simple Mail Transfer,,,
+,42,WINS Host Name Server,,,
+,43,Who Is,,,
+,53,Domain Name Server,,,
+,66,Oracle SQL*NET,,,
+,79,Finger,,,
+,80,World Wide Web HTTP,C:\Program Files\Internet Explorer\IEXPLORE.EXE,http://%a:%p/,HEAD / HTTP/1.0\r\n\r\n
+,81,World Wide Web HTTP,C:\Program Files\Internet Explorer\IEXPLORE.EXE,http://%a:%p/,HEAD /\r\n\r\n
+,88,Kerberos,,,
+,109,Post Office Protocol - Version 2,,,
+,110,Post Office Protocol - Version 3,,,
+,111,SUN Remote Procedure Call,,,
+,118,SQL Services,,,
+,119,Network News Transfer Protocol,,,
+,135,DCE endpoint resolution,,,
+,139,NETBIOS Session Service,explorer,\\%a,
+,143,Internet Message Access Protocol,,,
+,179,Border Gateway Protocol,,,
+,256,SNMP Checkpoint,,,
+,389,Lightweight Directory Access Protocol,,,
+,396,Novell Netware over IP,,,
+,407,Timbuktu,,,
+,443,https,,,
+,513,Remote login,,,
+,514,cmd,,,
+,515,spooler,,,
+,524,NCP,,,
+,799,Remotely Possible,,,
+,1024,Motorola Cable Modem Telnet,,,
+,1080,Socks,,,
+,1313,BMC_PATROLDB,,,
+,1352,Lotus Notes,,,
+,1433,Microsoft-SQL-Server,,,
+,1494,Citrix,,,
+,1498,Sybase SQL Anywhere,,,
+,1524,ingres,,,
+,1525,Oracle Server,,,
+,1527,Oracle Server,,,
+,1723,PPTP,,,
+,1745,Winsock Proxy,,,
+,2000,Remotely Anywhere,,,
+,2001,Cisco router management,,,
+,2049,NFS,,,
+,2301,Compaq Insight Manager,,,
+,2447,OpenView,,,
+,2998,RealSecure,,,
+,3000,HBCI,,,
+,3300,BMC Patrol agent,,,
+,3306,mysql,,,
+,4001,Cisci router management,,,
+,4045,NFS lock,,,
+,5631,pcANYWHEREdata,C:\Program Files\pcANYWHERE\Winaw32.exe,,
+,5800,Virtual Network Computing server,C:\Program Files\ORL\VNC\vncviewer.exe,%a:0,
+,6000,6000-6063 X Window System,,,
+,6001,Cisci router management,,,
+,6667,Internet Relay Chat server,,,
+,8000,Web/Shoutcast Server,,,
+,8001,Web,,,
+,8002,Web,,,
+,8080,Standard HTTP Proxy,,,
+,9001,Cisco xremote,,,
+,12345,Windows Netbus backdoor,C:\Hack\NetBus\NetBus.exe,%a,
+,26000,quake,,,
+,32771,Solaris RPC,,,
+,43188,Reachout,,,
+,65301,pcAnywhere,,,
